[INFO] Scanning for projects...
[INFO] 
[INFO] ---------------------< com.peyaj:peyajArenaReset >----------------------
[INFO] Building peyajArenaReset 1.3.4
[INFO]   from pom.xml
[INFO] --------------------------------[ jar ]---------------------------------
[INFO] 
[INFO] --- clean:3.2.0:clean (default-clean) @ peyajArenaReset ---
[INFO] Deleting C:\Users\princ\Desktop\AreaResetterPro-AreaResetterPro-1.3.4-PAPER\target
[INFO] 
[INFO] --- resources:3.3.1:resources (default-resources) @ peyajArenaReset ---
[INFO] Copying 3 resources from src\main\resources to target\classes
[INFO] 
[INFO] --- compiler:3.13.0:compile (default-compile) @ peyajArenaReset ---
[INFO] Recompiling the module because of changed source code.
[INFO] Compiling 31 source files with javac [debug target 21] to target\classes
[INFO] Annotation processing is enabled because one or more processors were found
  on the class path. A future release of javac may disable annotation processing
  unless at least one processor is specified by name (-processor), or a search
  path is specified (--processor-path, --processor-module-path), or annotation
  processing is enabled explicitly (-proc:only, -proc:full).
  Use -Xlint:-options to suppress this message.
  Use -proc:none to disable annotation processing.
[INFO] -------------------------------------------------------------
[ERROR] COMPILATION ERROR : 
[INFO] -------------------------------------------------------------
[ERROR] /C:/Users/princ/Desktop/AreaResetterPro-AreaResetterPro-1.3.4-PAPER/src/main/java/com/peyaj/arenareset/commands/CreateCmd.java:[5,33] package com.peyaj.arenareset.core does not exist
[ERROR] /C:/Users/princ/Desktop/AreaResetterPro-AreaResetterPro-1.3.4-PAPER/src/main/java/com/peyaj/arenareset/commands/CreateCmd.java:[6,33] package com.peyaj.arenareset.core does not exist
[ERROR] /C:/Users/princ/Desktop/AreaResetterPro-AreaResetterPro-1.3.4-PAPER/src/main/java/com/peyaj/arenareset/commands/CreateCmd.java:[20,32] cannot find symbol
  symbol: class AbstractCommandExecutor
[ERROR] /C:/Users/princ/Desktop/AreaResetterPro-AreaResetterPro-1.3.4-PAPER/src/main/java/com/peyaj/arenareset/commands/CreateCmd.java:[22,21] cannot find symbol
  symbol:   class MessageHandler
  location: class com.peyaj.arenareset.commands.CreateCmd
[ERROR] /C:/Users/princ/Desktop/AreaResetterPro-AreaResetterPro-1.3.4-PAPER/src/main/java/com/peyaj/arenareset/commands/GetPosCmd.java:[5,33] package com.peyaj.arenareset.core does not exist
[ERROR] /C:/Users/princ/Desktop/AreaResetterPro-AreaResetterPro-1.3.4-PAPER/src/main/java/com/peyaj/arenareset/commands/GetPosCmd.java:[6,33] package com.peyaj.arenareset.core does not exist
[ERROR] /C:/Users/princ/Desktop/AreaResetterPro-AreaResetterPro-1.3.4-PAPER/src/main/java/com/peyaj/arenareset/commands/GetPosCmd.java:[20,32] cannot find symbol
  symbol: class AbstractCommandExecutor
[ERROR] /C:/Users/princ/Desktop/AreaResetterPro-AreaResetterPro-1.3.4-PAPER/src/main/java/com/peyaj/arenareset/commands/GetPosCmd.java:[22,21] cannot find symbol
  symbol:   class MessageHandler
  location: class com.peyaj.arenareset.commands.GetPosCmd
[ERROR] /C:/Users/princ/Desktop/AreaResetterPro-AreaResetterPro-1.3.4-PAPER/src/main/java/com/peyaj/arenareset/commands/GetSpawnPointCmd.java:[5,33] package com.peyaj.arenareset.core does not exist
[ERROR] /C:/Users/princ/Desktop/AreaResetterPro-AreaResetterPro-1.3.4-PAPER/src/main/java/com/peyaj/arenareset/commands/GetSpawnPointCmd.java:[6,33] package com.peyaj.arenareset.core does not exist
[ERROR] /C:/Users/princ/Desktop/AreaResetterPro-AreaResetterPro-1.3.4-PAPER/src/main/java/com/peyaj/arenareset/commands/GetSpawnPointCmd.java:[20,39] cannot find symbol
  symbol: class AbstractCommandExecutor
[ERROR] /C:/Users/princ/Desktop/AreaResetterPro-AreaResetterPro-1.3.4-PAPER/src/main/java/com/peyaj/arenareset/commands/GetSpawnPointCmd.java:[22,21] cannot find symbol
  symbol:   class MessageHandler
  location: class com.peyaj.arenareset.commands.GetSpawnPointCmd
[ERROR] /C:/Users/princ/Desktop/AreaResetterPro-AreaResetterPro-1.3.4-PAPER/src/main/java/com/peyaj/arenareset/commands/HelpCmd.java:[4,33] package com.peyaj.arenareset.core does not exist
[ERROR] /C:/Users/princ/Desktop/AreaResetterPro-AreaResetterPro-1.3.4-PAPER/src/main/java/com/peyaj/arenareset/commands/HelpCmd.java:[5,33] package com.peyaj.arenareset.core does not exist
[ERROR] /C:/Users/princ/Desktop/AreaResetterPro-AreaResetterPro-1.3.4-PAPER/src/main/java/com/peyaj/arenareset/commands/HelpCmd.java:[20,30] cannot find symbol
  symbol: class AbstractCommandExecutor
[ERROR] /C:/Users/princ/Desktop/AreaResetterPro-AreaResetterPro-1.3.4-PAPER/src/main/java/com/peyaj/arenareset/commands/HelpCmd.java:[22,19] cannot find symbol
  symbol:   class MessageHandler
  location: class com.peyaj.arenareset.commands.HelpCmd
[ERROR] /C:/Users/princ/Desktop/AreaResetterPro-AreaResetterPro-1.3.4-PAPER/src/main/java/com/peyaj/arenareset/commands/MenuCmd.java:[5,33] package com.peyaj.arenareset.core does not exist
[ERROR] /C:/Users/princ/Desktop/AreaResetterPro-AreaResetterPro-1.3.4-PAPER/src/main/java/com/peyaj/arenareset/commands/MenuCmd.java:[6,33] package com.peyaj.arenareset.core does not exist
[ERROR] /C:/Users/princ/Desktop/AreaResetterPro-AreaResetterPro-1.3.4-PAPER/src/main/java/com/peyaj/arenareset/commands/MenuCmd.java:[20,30] cannot find symbol
  symbol: class AbstractCommandExecutor
[ERROR] /C:/Users/princ/Desktop/AreaResetterPro-AreaResetterPro-1.3.4-PAPER/src/main/java/com/peyaj/arenareset/commands/MenuCmd.java:[22,19] cannot find symbol
  symbol:   class MessageHandler
  location: class com.peyaj.arenareset.commands.MenuCmd
[ERROR] /C:/Users/princ/Desktop/AreaResetterPro-AreaResetterPro-1.3.4-PAPER/src/main/java/com/peyaj/arenareset/commands/ReloadCmd.java:[7,33] package com.peyaj.arenareset.core does not exist
[ERROR] /C:/Users/princ/Desktop/AreaResetterPro-AreaResetterPro-1.3.4-PAPER/src/main/java/com/peyaj/arenareset/commands/ReloadCmd.java:[8,33] package com.peyaj.arenareset.core does not exist
[ERROR] /C:/Users/princ/Desktop/AreaResetterPro-AreaResetterPro-1.3.4-PAPER/src/main/java/com/peyaj/arenareset/commands/ReloadCmd.java:[9,33] package com.peyaj.arenareset.core does not exist
[ERROR] /C:/Users/princ/Desktop/AreaResetterPro-AreaResetterPro-1.3.4-PAPER/src/main/java/com/peyaj/arenareset/commands/ReloadCmd.java:[23,32] cannot find symbol
  symbol: class AbstractCommandExecutor
[ERROR] /C:/Users/princ/Desktop/AreaResetterPro-AreaResetterPro-1.3.4-PAPER/src/main/java/com/peyaj/arenareset/data/PositionsHandler.java:[3,33] package com.peyaj.arenareset.core does not exist
[ERROR] /C:/Users/princ/Desktop/AreaResetterPro-AreaResetterPro-1.3.4-PAPER/src/main/java/com/peyaj/arenareset/data/PositionsHandler.java:[11,39] cannot find symbol
  symbol: class AbstractFileHandler
[ERROR] /C:/Users/princ/Desktop/AreaResetterPro-AreaResetterPro-1.3.4-PAPER/src/main/java/com/peyaj/arenareset/data/SpawnPointHandler.java:[3,33] package com.peyaj.arenareset.core does not exist
[ERROR] /C:/Users/princ/Desktop/AreaResetterPro-AreaResetterPro-1.3.4-PAPER/src/main/java/com/peyaj/arenareset/data/SpawnPointHandler.java:[11,40] cannot find symbol
  symbol: class AbstractFileHandler
[ERROR] /C:/Users/princ/Desktop/AreaResetterPro-AreaResetterPro-1.3.4-PAPER/src/main/java/com/peyaj/arenareset/commands/ReloadCmd.java:[27,19] cannot find symbol
  symbol:   class ConfigHandler
  location: class com.peyaj.arenareset.commands.ReloadCmd
[ERROR] /C:/Users/princ/Desktop/AreaResetterPro-AreaResetterPro-1.3.4-PAPER/src/main/java/com/peyaj/arenareset/commands/ReloadCmd.java:[28,19] cannot find symbol
  symbol:   class MessageHandler
  location: class com.peyaj.arenareset.commands.ReloadCmd
[ERROR] /C:/Users/princ/Desktop/AreaResetterPro-AreaResetterPro-1.3.4-PAPER/src/main/java/com/peyaj/arenareset/data/AutoResetHandler.java:[5,33] package com.peyaj.arenareset.core does not exist
[ERROR] /C:/Users/princ/Desktop/AreaResetterPro-AreaResetterPro-1.3.4-PAPER/src/main/java/com/peyaj/arenareset/data/AutoResetHandler.java:[6,33] package com.peyaj.arenareset.core does not exist
[ERROR] /C:/Users/princ/Desktop/AreaResetterPro-AreaResetterPro-1.3.4-PAPER/src/main/java/com/peyaj/arenareset/data/AutoResetHandler.java:[24,39] cannot find symbol
  symbol: class AbstractHandler
[ERROR] /C:/Users/princ/Desktop/AreaResetterPro-AreaResetterPro-1.3.4-PAPER/src/main/java/com/peyaj/arenareset/data/AutoResetHandler.java:[26,19] cannot find symbol
  symbol:   class ConfigHandler
  location: class com.peyaj.arenareset.data.AutoResetHandler
[ERROR] /C:/Users/princ/Desktop/AreaResetterPro-AreaResetterPro-1.3.4-PAPER/src/main/java/com/peyaj/arenareset/data/DatabaseHandler.java:[4,33] package com.peyaj.arenareset.core does not exist
[ERROR] /C:/Users/princ/Desktop/AreaResetterPro-AreaResetterPro-1.3.4-PAPER/src/main/java/com/peyaj/arenareset/data/DatabaseHandler.java:[5,33] package com.peyaj.arenareset.core does not exist
[ERROR] /C:/Users/princ/Desktop/AreaResetterPro-AreaResetterPro-1.3.4-PAPER/src/main/java/com/peyaj/arenareset/data/DatabaseHandler.java:[28,38] cannot find symbol
  symbol: class AbstractDatabaseHandler
[ERROR] /C:/Users/princ/Desktop/AreaResetterPro-AreaResetterPro-1.3.4-PAPER/src/main/java/com/peyaj/arenareset/commands/RemoveCmd.java:[5,33] package com.peyaj.arenareset.core does not exist
[ERROR] /C:/Users/princ/Desktop/AreaResetterPro-AreaResetterPro-1.3.4-PAPER/src/main/java/com/peyaj/arenareset/commands/RemoveCmd.java:[6,33] package com.peyaj.arenareset.core does not exist
[ERROR] /C:/Users/princ/Desktop/AreaResetterPro-AreaResetterPro-1.3.4-PAPER/src/main/java/com/peyaj/arenareset/commands/RemoveCmd.java:[20,32] cannot find symbol
  symbol: class AbstractCommandExecutor
[ERROR] /C:/Users/princ/Desktop/AreaResetterPro-AreaResetterPro-1.3.4-PAPER/src/main/java/com/peyaj/arenareset/commands/RemoveCmd.java:[22,21] cannot find symbol
  symbol:   class MessageHandler
  location: class com.peyaj.arenareset.commands.RemoveCmd
[ERROR] /C:/Users/princ/Desktop/AreaResetterPro-AreaResetterPro-1.3.4-PAPER/src/main/java/com/peyaj/arenareset/commands/ResetCmd.java:[5,33] package com.peyaj.arenareset.core does not exist
[ERROR] /C:/Users/princ/Desktop/AreaResetterPro-AreaResetterPro-1.3.4-PAPER/src/main/java/com/peyaj/arenareset/commands/ResetCmd.java:[6,33] package com.peyaj.arenareset.core does not exist
[ERROR] /C:/Users/princ/Desktop/AreaResetterPro-AreaResetterPro-1.3.4-PAPER/src/main/java/com/peyaj/arenareset/commands/ResetCmd.java:[18,31] cannot find symbol
  symbol: class AbstractCommandExecutor
[ERROR] /C:/Users/princ/Desktop/AreaResetterPro-AreaResetterPro-1.3.4-PAPER/src/main/java/com/peyaj/arenareset/commands/ResetCmd.java:[20,21] cannot find symbol
  symbol:   class MessageHandler
  location: class com.peyaj.arenareset.commands.ResetCmd
[ERROR] /C:/Users/princ/Desktop/AreaResetterPro-AreaResetterPro-1.3.4-PAPER/src/main/java/com/peyaj/arenareset/commands/SetSpawnPointCmd.java:[5,33] package com.peyaj.arenareset.core does not exist
[ERROR] /C:/Users/princ/Desktop/AreaResetterPro-AreaResetterPro-1.3.4-PAPER/src/main/java/com/peyaj/arenareset/commands/SetSpawnPointCmd.java:[6,33] package com.peyaj.arenareset.core does not exist
[ERROR] /C:/Users/princ/Desktop/AreaResetterPro-AreaResetterPro-1.3.4-PAPER/src/main/java/com/peyaj/arenareset/commands/SetSpawnPointCmd.java:[20,39] cannot find symbol
  symbol: class AbstractCommandExecutor
[ERROR] /C:/Users/princ/Desktop/AreaResetterPro-AreaResetterPro-1.3.4-PAPER/src/main/java/com/peyaj/arenareset/commands/SetSpawnPointCmd.java:[22,21] cannot find symbol
  symbol:   class MessageHandler
  location: class com.peyaj.arenareset.commands.SetSpawnPointCmd
[ERROR] /C:/Users/princ/Desktop/AreaResetterPro-AreaResetterPro-1.3.4-PAPER/src/main/java/com/peyaj/arenareset/commands/ToolCmd.java:[4,33] package com.peyaj.arenareset.core does not exist
[ERROR] /C:/Users/princ/Desktop/AreaResetterPro-AreaResetterPro-1.3.4-PAPER/src/main/java/com/peyaj/arenareset/commands/ToolCmd.java:[5,33] package com.peyaj.arenareset.core does not exist
[ERROR] /C:/Users/princ/Desktop/AreaResetterPro-AreaResetterPro-1.3.4-PAPER/src/main/java/com/peyaj/arenareset/commands/ToolCmd.java:[24,30] cannot find symbol
  symbol: class AbstractCommandExecutor
[ERROR] /C:/Users/princ/Desktop/AreaResetterPro-AreaResetterPro-1.3.4-PAPER/src/main/java/com/peyaj/arenareset/commands/ToolCmd.java:[26,21] cannot find symbol
  symbol:   class MessageHandler
  location: class com.peyaj.arenareset.commands.ToolCmd
[ERROR] /C:/Users/princ/Desktop/AreaResetterPro-AreaResetterPro-1.3.4-PAPER/src/main/java/com/peyaj/arenareset/loaders/CommandLoader.java:[4,33] package com.peyaj.arenareset.core does not exist
[ERROR] /C:/Users/princ/Desktop/AreaResetterPro-AreaResetterPro-1.3.4-PAPER/src/main/java/com/peyaj/arenareset/loaders/CommandLoader.java:[11,36] cannot find symbol
  symbol: class AbstractCommandLoader
[ERROR] /C:/Users/princ/Desktop/AreaResetterPro-AreaResetterPro-1.3.4-PAPER/src/main/java/com/peyaj/arenareset/loaders/ListenerLoader.java:[4,33] package com.peyaj.arenareset.core does not exist
[ERROR] /C:/Users/princ/Desktop/AreaResetterPro-AreaResetterPro-1.3.4-PAPER/src/main/java/com/peyaj/arenareset/loaders/ListenerLoader.java:[11,37] cannot find symbol
  symbol: class AbstractListenerLoader
[ERROR] /C:/Users/princ/Desktop/AreaResetterPro-AreaResetterPro-1.3.4-PAPER/src/main/java/com/peyaj/arenareset/peyajArenaReset.java:[28,24] cannot find symbol
  symbol:   class AbstractHandler
  location: class com.peyaj.arenareset.peyajArenaReset
[ERROR] /C:/Users/princ/Desktop/AreaResetterPro-AreaResetterPro-1.3.4-PAPER/src/main/java/com/peyaj/arenareset/peyajArenaReset.java:[98,12] cannot find symbol
  symbol:   class ConfigHandler
  location: class com.peyaj.arenareset.peyajArenaReset
[ERROR] /C:/Users/princ/Desktop/AreaResetterPro-AreaResetterPro-1.3.4-PAPER/src/main/java/com/peyaj/arenareset/peyajArenaReset.java:[102,12] cannot find symbol
  symbol:   class MessageHandler
  location: class com.peyaj.arenareset.peyajArenaReset
[ERROR] /C:/Users/princ/Desktop/AreaResetterPro-AreaResetterPro-1.3.4-PAPER/src/main/java/com/peyaj/arenareset/peyajArenaReset.java:[10,1] package com.peyaj.arenareset.core does not exist
[ERROR] /C:/Users/princ/Desktop/AreaResetterPro-AreaResetterPro-1.3.4-PAPER/src/main/java/com/peyaj/arenareset/tasks/CreateTask.java:[10,33] package com.peyaj.arenareset.core does not exist
[ERROR] /C:/Users/princ/Desktop/AreaResetterPro-AreaResetterPro-1.3.4-PAPER/src/main/java/com/peyaj/arenareset/tasks/CreateTask.java:[42,19] cannot find symbol
  symbol:   class ConfigHandler
  location: class com.peyaj.arenareset.tasks.CreateTask
[ERROR] /C:/Users/princ/Desktop/AreaResetterPro-AreaResetterPro-1.3.4-PAPER/src/main/java/com/peyaj/arenareset/tasks/RemoveTask.java:[8,33] package com.peyaj.arenareset.core does not exist
[ERROR] /C:/Users/princ/Desktop/AreaResetterPro-AreaResetterPro-1.3.4-PAPER/src/main/java/com/peyaj/arenareset/tasks/RemoveTask.java:[27,19] cannot find symbol
  symbol:   class ConfigHandler
  location: class com.peyaj.arenareset.tasks.RemoveTask
[ERROR] /C:/Users/princ/Desktop/AreaResetterPro-AreaResetterPro-1.3.4-PAPER/src/main/java/com/peyaj/arenareset/ui/AreaMenu.java:[6,33] package com.peyaj.arenareset.core does not exist
[ERROR] /C:/Users/princ/Desktop/AreaResetterPro-AreaResetterPro-1.3.4-PAPER/src/main/java/com/peyaj/arenareset/ui/AreaMenu.java:[7,33] package com.peyaj.arenareset.core does not exist
[ERROR] /C:/Users/princ/Desktop/AreaResetterPro-AreaResetterPro-1.3.4-PAPER/src/main/java/com/peyaj/arenareset/ui/AreaMenu.java:[30,31] cannot find symbol
  symbol: class AbstractInventory
[ERROR] /C:/Users/princ/Desktop/AreaResetterPro-AreaResetterPro-1.3.4-PAPER/src/main/java/com/peyaj/arenareset/ui/AreaMenu.java:[32,19] cannot find symbol
  symbol:   class MessageHandler
  location: class com.peyaj.arenareset.ui.AreaMenu
[ERROR] /C:/Users/princ/Desktop/AreaResetterPro-AreaResetterPro-1.3.4-PAPER/src/main/java/com/peyaj/arenareset/ui/ConfirmationMenu.java:[5,33] package com.peyaj.arenareset.core does not exist
[ERROR] /C:/Users/princ/Desktop/AreaResetterPro-AreaResetterPro-1.3.4-PAPER/src/main/java/com/peyaj/arenareset/ui/ConfirmationMenu.java:[6,33] package com.peyaj.arenareset.core does not exist
[ERROR] /C:/Users/princ/Desktop/AreaResetterPro-AreaResetterPro-1.3.4-PAPER/src/main/java/com/peyaj/arenareset/ui/ConfirmationMenu.java:[20,39] cannot find symbol
  symbol: class AbstractInventory
[ERROR] /C:/Users/princ/Desktop/AreaResetterPro-AreaResetterPro-1.3.4-PAPER/src/main/java/com/peyaj/arenareset/ui/ConfirmationMenu.java:[22,19] cannot find symbol
  symbol:   class MessageHandler
  location: class com.peyaj.arenareset.ui.ConfirmationMenu
[ERROR] /C:/Users/princ/Desktop/AreaResetterPro-AreaResetterPro-1.3.4-PAPER/src/main/java/com/peyaj/arenareset/ui/SettingsMenu.java:[6,33] package com.peyaj.arenareset.core does not exist
[ERROR] /C:/Users/princ/Desktop/AreaResetterPro-AreaResetterPro-1.3.4-PAPER/src/main/java/com/peyaj/arenareset/ui/SettingsMenu.java:[7,33] package com.peyaj.arenareset.core does not exist
[ERROR] /C:/Users/princ/Desktop/AreaResetterPro-AreaResetterPro-1.3.4-PAPER/src/main/java/com/peyaj/arenareset/ui/SettingsMenu.java:[31,35] cannot find symbol
  symbol: class AbstractInventory
[ERROR] /C:/Users/princ/Desktop/AreaResetterPro-AreaResetterPro-1.3.4-PAPER/src/main/java/com/peyaj/arenareset/ui/SettingsMenu.java:[33,19] cannot find symbol
  symbol:   class MessageHandler
  location: class com.peyaj.arenareset.ui.SettingsMenu
[ERROR] /C:/Users/princ/Desktop/AreaResetterPro-AreaResetterPro-1.3.4-PAPER/src/main/java/com/peyaj/arenareset/ui/TimerMenu.java:[6,33] package com.peyaj.arenareset.core does not exist
[ERROR] /C:/Users/princ/Desktop/AreaResetterPro-AreaResetterPro-1.3.4-PAPER/src/main/java/com/peyaj/arenareset/ui/TimerMenu.java:[7,33] package com.peyaj.arenareset.core does not exist
[ERROR] /C:/Users/princ/Desktop/AreaResetterPro-AreaResetterPro-1.3.4-PAPER/src/main/java/com/peyaj/arenareset/ui/TimerMenu.java:[8,33] package com.peyaj.arenareset.core does not exist
[ERROR] /C:/Users/princ/Desktop/AreaResetterPro-AreaResetterPro-1.3.4-PAPER/src/main/java/com/peyaj/arenareset/ui/TimerMenu.java:[28,32] cannot find symbol
  symbol: class AbstractInventory
[ERROR] /C:/Users/princ/Desktop/AreaResetterPro-AreaResetterPro-1.3.4-PAPER/src/main/java/com/peyaj/arenareset/ui/TimerMenu.java:[30,19] cannot find symbol
  symbol:   class MessageHandler
  location: class com.peyaj.arenareset.ui.TimerMenu
[ERROR] /C:/Users/princ/Desktop/AreaResetterPro-AreaResetterPro-1.3.4-PAPER/src/main/java/com/peyaj/arenareset/ui/TimerMenu.java:[96,23] cannot find symbol
  symbol:   class ConfigHandler
  location: class com.peyaj.arenareset.ui.TimerMenu.TimerMenuListener
[INFO] 83 errors 
[INFO] -------------------------------------------------------------
[INFO] ------------------------------------------------------------------------
[INFO] BUILD FAILURE
[INFO] ------------------------------------------------------------------------
[INFO] Total time:  2.847 s
[INFO] Finished at: 2026-02-20T21:13:18+08:00
[INFO] ------------------------------------------------------------------------
[ERROR] Failed to execute goal org.apache.maven.plugins:maven-compiler-plugin:3.13.0:compile (default-compile) on project peyajArenaReset: Compilation failure: Compilation failure: 
[ERROR] /C:/Users/princ/Desktop/AreaResetterPro-AreaResetterPro-1.3.4-PAPER/src/main/java/com/peyaj/arenareset/commands/CreateCmd.java:[5,33] package com.peyaj.arenareset.core does not exist
[ERROR] /C:/Users/princ/Desktop/AreaResetterPro-AreaResetterPro-1.3.4-PAPER/src/main/java/com/peyaj/arenareset/commands/CreateCmd.java:[6,33] package com.peyaj.arenareset.core does not exist
[ERROR] /C:/Users/princ/Desktop/AreaResetterPro-AreaResetterPro-1.3.4-PAPER/src/main/java/com/peyaj/arenareset/commands/CreateCmd.java:[20,32] cannot find symbol
[ERROR]   symbol: class AbstractCommandExecutor
[ERROR] /C:/Users/princ/Desktop/AreaResetterPro-AreaResetterPro-1.3.4-PAPER/src/main/java/com/peyaj/arenareset/commands/CreateCmd.java:[22,21] cannot find symbol
[ERROR]   symbol:   class MessageHandler
[ERROR]   location: class com.peyaj.arenareset.commands.CreateCmd
[ERROR] /C:/Users/princ/Desktop/AreaResetterPro-AreaResetterPro-1.3.4-PAPER/src/main/java/com/peyaj/arenareset/commands/GetPosCmd.java:[5,33] package com.peyaj.arenareset.core does not exist
[ERROR] /C:/Users/princ/Desktop/AreaResetterPro-AreaResetterPro-1.3.4-PAPER/src/main/java/com/peyaj/arenareset/commands/GetPosCmd.java:[6,33] package com.peyaj.arenareset.core does not exist
[ERROR] /C:/Users/princ/Desktop/AreaResetterPro-AreaResetterPro-1.3.4-PAPER/src/main/java/com/peyaj/arenareset/commands/GetPosCmd.java:[20,32] cannot find symbol
[ERROR]   symbol: class AbstractCommandExecutor
[ERROR] /C:/Users/princ/Desktop/AreaResetterPro-AreaResetterPro-1.3.4-PAPER/src/main/java/com/peyaj/arenareset/commands/GetPosCmd.java:[22,21] cannot find symbol
[ERROR]   symbol:   class MessageHandler
[ERROR]   location: class com.peyaj.arenareset.commands.GetPosCmd
[ERROR] /C:/Users/princ/Desktop/AreaResetterPro-AreaResetterPro-1.3.4-PAPER/src/main/java/com/peyaj/arenareset/commands/GetSpawnPointCmd.java:[5,33] package com.peyaj.arenareset.core does not exist
[ERROR] /C:/Users/princ/Desktop/AreaResetterPro-AreaResetterPro-1.3.4-PAPER/src/main/java/com/peyaj/arenareset/commands/GetSpawnPointCmd.java:[6,33] package com.peyaj.arenareset.core does not exist
[ERROR] /C:/Users/princ/Desktop/AreaResetterPro-AreaResetterPro-1.3.4-PAPER/src/main/java/com/peyaj/arenareset/commands/GetSpawnPointCmd.java:[20,39] cannot find symbol
[ERROR]   symbol: class AbstractCommandExecutor
[ERROR] /C:/Users/princ/Desktop/AreaResetterPro-AreaResetterPro-1.3.4-PAPER/src/main/java/com/peyaj/arenareset/commands/GetSpawnPointCmd.java:[22,21] cannot find symbol
[ERROR]   symbol:   class MessageHandler
[ERROR]   location: class com.peyaj.arenareset.commands.GetSpawnPointCmd
[ERROR] /C:/Users/princ/Desktop/AreaResetterPro-AreaResetterPro-1.3.4-PAPER/src/main/java/com/peyaj/arenareset/commands/HelpCmd.java:[4,33] package com.peyaj.arenareset.core does not exist
[ERROR] /C:/Users/princ/Desktop/AreaResetterPro-AreaResetterPro-1.3.4-PAPER/src/main/java/com/peyaj/arenareset/commands/HelpCmd.java:[5,33] package com.peyaj.arenareset.core does not exist
[ERROR] /C:/Users/princ/Desktop/AreaResetterPro-AreaResetterPro-1.3.4-PAPER/src/main/java/com/peyaj/arenareset/commands/HelpCmd.java:[20,30] cannot find symbol
[ERROR]   symbol: class AbstractCommandExecutor
[ERROR] /C:/Users/princ/Desktop/AreaResetterPro-AreaResetterPro-1.3.4-PAPER/src/main/java/com/peyaj/arenareset/commands/HelpCmd.java:[22,19] cannot find symbol
[ERROR]   symbol:   class MessageHandler
[ERROR]   location: class com.peyaj.arenareset.commands.HelpCmd
[ERROR] /C:/Users/princ/Desktop/AreaResetterPro-AreaResetterPro-1.3.4-PAPER/src/main/java/com/peyaj/arenareset/commands/MenuCmd.java:[5,33] package com.peyaj.arenareset.core does not exist
[ERROR] /C:/Users/princ/Desktop/AreaResetterPro-AreaResetterPro-1.3.4-PAPER/src/main/java/com/peyaj/arenareset/commands/MenuCmd.java:[6,33] package com.peyaj.arenareset.core does not exist
[ERROR] /C:/Users/princ/Desktop/AreaResetterPro-AreaResetterPro-1.3.4-PAPER/src/main/java/com/peyaj/arenareset/commands/MenuCmd.java:[20,30] cannot find symbol
[ERROR]   symbol: class AbstractCommandExecutor
[ERROR] /C:/Users/princ/Desktop/AreaResetterPro-AreaResetterPro-1.3.4-PAPER/src/main/java/com/peyaj/arenareset/commands/MenuCmd.java:[22,19] cannot find symbol
[ERROR]   symbol:   class MessageHandler
[ERROR]   location: class com.peyaj.arenareset.commands.MenuCmd
[ERROR] /C:/Users/princ/Desktop/AreaResetterPro-AreaResetterPro-1.3.4-PAPER/src/main/java/com/peyaj/arenareset/commands/ReloadCmd.java:[7,33] package com.peyaj.arenareset.core does not exist
[ERROR] /C:/Users/princ/Desktop/AreaResetterPro-AreaResetterPro-1.3.4-PAPER/src/main/java/com/peyaj/arenareset/commands/ReloadCmd.java:[8,33] package com.peyaj.arenareset.core does not exist
[ERROR] /C:/Users/princ/Desktop/AreaResetterPro-AreaResetterPro-1.3.4-PAPER/src/main/java/com/peyaj/arenareset/commands/ReloadCmd.java:[9,33] package com.peyaj.arenareset.core does not exist
[ERROR] /C:/Users/princ/Desktop/AreaResetterPro-AreaResetterPro-1.3.4-PAPER/src/main/java/com/peyaj/arenareset/commands/ReloadCmd.java:[23,32] cannot find symbol
[ERROR]   symbol: class AbstractCommandExecutor
[ERROR] /C:/Users/princ/Desktop/AreaResetterPro-AreaResetterPro-1.3.4-PAPER/src/main/java/com/peyaj/arenareset/data/PositionsHandler.java:[3,33] package com.peyaj.arenareset.core does not exist
[ERROR] /C:/Users/princ/Desktop/AreaResetterPro-AreaResetterPro-1.3.4-PAPER/src/main/java/com/peyaj/arenareset/data/PositionsHandler.java:[11,39] cannot find symbol
[ERROR]   symbol: class AbstractFileHandler
[ERROR] /C:/Users/princ/Desktop/AreaResetterPro-AreaResetterPro-1.3.4-PAPER/src/main/java/com/peyaj/arenareset/data/SpawnPointHandler.java:[3,33] package com.peyaj.arenareset.core does not exist
[ERROR] /C:/Users/princ/Desktop/AreaResetterPro-AreaResetterPro-1.3.4-PAPER/src/main/java/com/peyaj/arenareset/data/SpawnPointHandler.java:[11,40] cannot find symbol
[ERROR]   symbol: class AbstractFileHandler
[ERROR] /C:/Users/princ/Desktop/AreaResetterPro-AreaResetterPro-1.3.4-PAPER/src/main/java/com/peyaj/arenareset/commands/ReloadCmd.java:[27,19] cannot find symbol
[ERROR]   symbol:   class ConfigHandler
[ERROR]   location: class com.peyaj.arenareset.commands.ReloadCmd
[ERROR] /C:/Users/princ/Desktop/AreaResetterPro-AreaResetterPro-1.3.4-PAPER/src/main/java/com/peyaj/arenareset/commands/ReloadCmd.java:[28,19] cannot find symbol
[ERROR]   symbol:   class MessageHandler
[ERROR]   location: class com.peyaj.arenareset.commands.ReloadCmd
[ERROR] /C:/Users/princ/Desktop/AreaResetterPro-AreaResetterPro-1.3.4-PAPER/src/main/java/com/peyaj/arenareset/data/AutoResetHandler.java:[5,33] package com.peyaj.arenareset.core does not exist
[ERROR] /C:/Users/princ/Desktop/AreaResetterPro-AreaResetterPro-1.3.4-PAPER/src/main/java/com/peyaj/arenareset/data/AutoResetHandler.java:[6,33] package com.peyaj.arenareset.core does not exist
[ERROR] /C:/Users/princ/Desktop/AreaResetterPro-AreaResetterPro-1.3.4-PAPER/src/main/java/com/peyaj/arenareset/data/AutoResetHandler.java:[24,39] cannot find symbol
[ERROR]   symbol: class AbstractHandler
[ERROR] /C:/Users/princ/Desktop/AreaResetterPro-AreaResetterPro-1.3.4-PAPER/src/main/java/com/peyaj/arenareset/data/AutoResetHandler.java:[26,19] cannot find symbol
[ERROR]   symbol:   class ConfigHandler
[ERROR]   location: class com.peyaj.arenareset.data.AutoResetHandler
[ERROR] /C:/Users/princ/Desktop/AreaResetterPro-AreaResetterPro-1.3.4-PAPER/src/main/java/com/peyaj/arenareset/data/DatabaseHandler.java:[4,33] package com.peyaj.arenareset.core does not exist
[ERROR] /C:/Users/princ/Desktop/AreaResetterPro-AreaResetterPro-1.3.4-PAPER/src/main/java/com/peyaj/arenareset/data/DatabaseHandler.java:[5,33] package com.peyaj.arenareset.core does not exist
[ERROR] /C:/Users/princ/Desktop/AreaResetterPro-AreaResetterPro-1.3.4-PAPER/src/main/java/com/peyaj/arenareset/data/DatabaseHandler.java:[28,38] cannot find symbol
[ERROR]   symbol: class AbstractDatabaseHandler
[ERROR] /C:/Users/princ/Desktop/AreaResetterPro-AreaResetterPro-1.3.4-PAPER/src/main/java/com/peyaj/arenareset/commands/RemoveCmd.java:[5,33] package com.peyaj.arenareset.core does not exist
[ERROR] /C:/Users/princ/Desktop/AreaResetterPro-AreaResetterPro-1.3.4-PAPER/src/main/java/com/peyaj/arenareset/commands/RemoveCmd.java:[6,33] package com.peyaj.arenareset.core does not exist
[ERROR] /C:/Users/princ/Desktop/AreaResetterPro-AreaResetterPro-1.3.4-PAPER/src/main/java/com/peyaj/arenareset/commands/RemoveCmd.java:[20,32] cannot find symbol
[ERROR]   symbol: class AbstractCommandExecutor
[ERROR] /C:/Users/princ/Desktop/AreaResetterPro-AreaResetterPro-1.3.4-PAPER/src/main/java/com/peyaj/arenareset/commands/RemoveCmd.java:[22,21] cannot find symbol
[ERROR]   symbol:   class MessageHandler
[ERROR]   location: class com.peyaj.arenareset.commands.RemoveCmd
[ERROR] /C:/Users/princ/Desktop/AreaResetterPro-AreaResetterPro-1.3.4-PAPER/src/main/java/com/peyaj/arenareset/commands/ResetCmd.java:[5,33] package com.peyaj.arenareset.core does not exist
[ERROR] /C:/Users/princ/Desktop/AreaResetterPro-AreaResetterPro-1.3.4-PAPER/src/main/java/com/peyaj/arenareset/commands/ResetCmd.java:[6,33] package com.peyaj.arenareset.core does not exist
[ERROR] /C:/Users/princ/Desktop/AreaResetterPro-AreaResetterPro-1.3.4-PAPER/src/main/java/com/peyaj/arenareset/commands/ResetCmd.java:[18,31] cannot find symbol
[ERROR]   symbol: class AbstractCommandExecutor
[ERROR] /C:/Users/princ/Desktop/AreaResetterPro-AreaResetterPro-1.3.4-PAPER/src/main/java/com/peyaj/arenareset/commands/ResetCmd.java:[20,21] cannot find symbol
[ERROR]   symbol:   class MessageHandler
[ERROR]   location: class com.peyaj.arenareset.commands.ResetCmd
[ERROR] /C:/Users/princ/Desktop/AreaResetterPro-AreaResetterPro-1.3.4-PAPER/src/main/java/com/peyaj/arenareset/commands/SetSpawnPointCmd.java:[5,33] package com.peyaj.arenareset.core does not exist
[ERROR] /C:/Users/princ/Desktop/AreaResetterPro-AreaResetterPro-1.3.4-PAPER/src/main/java/com/peyaj/arenareset/commands/SetSpawnPointCmd.java:[6,33] package com.peyaj.arenareset.core does not exist
[ERROR] /C:/Users/princ/Desktop/AreaResetterPro-AreaResetterPro-1.3.4-PAPER/src/main/java/com/peyaj/arenareset/commands/SetSpawnPointCmd.java:[20,39] cannot find symbol
[ERROR]   symbol: class AbstractCommandExecutor
[ERROR] /C:/Users/princ/Desktop/AreaResetterPro-AreaResetterPro-1.3.4-PAPER/src/main/java/com/peyaj/arenareset/commands/SetSpawnPointCmd.java:[22,21] cannot find symbol
[ERROR]   symbol:   class MessageHandler
[ERROR]   location: class com.peyaj.arenareset.commands.SetSpawnPointCmd
[ERROR] /C:/Users/princ/Desktop/AreaResetterPro-AreaResetterPro-1.3.4-PAPER/src/main/java/com/peyaj/arenareset/commands/ToolCmd.java:[4,33] package com.peyaj.arenareset.core does not exist
[ERROR] /C:/Users/princ/Desktop/AreaResetterPro-AreaResetterPro-1.3.4-PAPER/src/main/java/com/peyaj/arenareset/commands/ToolCmd.java:[5,33] package com.peyaj.arenareset.core does not exist
[ERROR] /C:/Users/princ/Desktop/AreaResetterPro-AreaResetterPro-1.3.4-PAPER/src/main/java/com/peyaj/arenareset/commands/ToolCmd.java:[24,30] cannot find symbol
[ERROR]   symbol: class AbstractCommandExecutor
[ERROR] /C:/Users/princ/Desktop/AreaResetterPro-AreaResetterPro-1.3.4-PAPER/src/main/java/com/peyaj/arenareset/commands/ToolCmd.java:[26,21] cannot find symbol
[ERROR]   symbol:   class MessageHandler
[ERROR]   location: class com.peyaj.arenareset.commands.ToolCmd
[ERROR] /C:/Users/princ/Desktop/AreaResetterPro-AreaResetterPro-1.3.4-PAPER/src/main/java/com/peyaj/arenareset/loaders/CommandLoader.java:[4,33] package com.peyaj.arenareset.core does not exist
[ERROR] /C:/Users/princ/Desktop/AreaResetterPro-AreaResetterPro-1.3.4-PAPER/src/main/java/com/peyaj/arenareset/loaders/CommandLoader.java:[11,36] cannot find symbol
[ERROR]   symbol: class AbstractCommandLoader
[ERROR] /C:/Users/princ/Desktop/AreaResetterPro-AreaResetterPro-1.3.4-PAPER/src/main/java/com/peyaj/arenareset/loaders/ListenerLoader.java:[4,33] package com.peyaj.arenareset.core does not exist
[ERROR] /C:/Users/princ/Desktop/AreaResetterPro-AreaResetterPro-1.3.4-PAPER/src/main/java/com/peyaj/arenareset/loaders/ListenerLoader.java:[11,37] cannot find symbol
[ERROR]   symbol: class AbstractListenerLoader
[ERROR] /C:/Users/princ/Desktop/AreaResetterPro-AreaResetterPro-1.3.4-PAPER/src/main/java/com/peyaj/arenareset/peyajArenaReset.java:[28,24] cannot find symbol
[ERROR]   symbol:   class AbstractHandler
[ERROR]   location: class com.peyaj.arenareset.peyajArenaReset
[ERROR] /C:/Users/princ/Desktop/AreaResetterPro-AreaResetterPro-1.3.4-PAPER/src/main/java/com/peyaj/arenareset/peyajArenaReset.java:[98,12] cannot find symbol
[ERROR]   symbol:   class ConfigHandler
[ERROR]   location: class com.peyaj.arenareset.peyajArenaReset
[ERROR] /C:/Users/princ/Desktop/AreaResetterPro-AreaResetterPro-1.3.4-PAPER/src/main/java/com/peyaj/arenareset/peyajArenaReset.java:[102,12] cannot find symbol
[ERROR]   symbol:   class MessageHandler
[ERROR]   location: class com.peyaj.arenareset.peyajArenaReset
[ERROR] /C:/Users/princ/Desktop/AreaResetterPro-AreaResetterPro-1.3.4-PAPER/src/main/java/com/peyaj/arenareset/peyajArenaReset.java:[10,1] package com.peyaj.arenareset.core does not exist
[ERROR] /C:/Users/princ/Desktop/AreaResetterPro-AreaResetterPro-1.3.4-PAPER/src/main/java/com/peyaj/arenareset/tasks/CreateTask.java:[10,33] package com.peyaj.arenareset.core does not exist
[ERROR] /C:/Users/princ/Desktop/AreaResetterPro-AreaResetterPro-1.3.4-PAPER/src/main/java/com/peyaj/arenareset/tasks/CreateTask.java:[42,19] cannot find symbol
[ERROR]   symbol:   class ConfigHandler
[ERROR]   location: class com.peyaj.arenareset.tasks.CreateTask
[ERROR] /C:/Users/princ/Desktop/AreaResetterPro-AreaResetterPro-1.3.4-PAPER/src/main/java/com/peyaj/arenareset/tasks/RemoveTask.java:[8,33] package com.peyaj.arenareset.core does not exist
[ERROR] /C:/Users/princ/Desktop/AreaResetterPro-AreaResetterPro-1.3.4-PAPER/src/main/java/com/peyaj/arenareset/tasks/RemoveTask.java:[27,19] cannot find symbol
[ERROR]   symbol:   class ConfigHandler
[ERROR]   location: class com.peyaj.arenareset.tasks.RemoveTask
[ERROR] /C:/Users/princ/Desktop/AreaResetterPro-AreaResetterPro-1.3.4-PAPER/src/main/java/com/peyaj/arenareset/ui/AreaMenu.java:[6,33] package com.peyaj.arenareset.core does not exist
[ERROR] /C:/Users/princ/Desktop/AreaResetterPro-AreaResetterPro-1.3.4-PAPER/src/main/java/com/peyaj/arenareset/ui/AreaMenu.java:[7,33] package com.peyaj.arenareset.core does not exist
[ERROR] /C:/Users/princ/Desktop/AreaResetterPro-AreaResetterPro-1.3.4-PAPER/src/main/java/com/peyaj/arenareset/ui/AreaMenu.java:[30,31] cannot find symbol
[ERROR]   symbol: class AbstractInventory
[ERROR] /C:/Users/princ/Desktop/AreaResetterPro-AreaResetterPro-1.3.4-PAPER/src/main/java/com/peyaj/arenareset/ui/AreaMenu.java:[32,19] cannot find symbol
[ERROR]   symbol:   class MessageHandler
[ERROR]   location: class com.peyaj.arenareset.ui.AreaMenu
[ERROR] /C:/Users/princ/Desktop/AreaResetterPro-AreaResetterPro-1.3.4-PAPER/src/main/java/com/peyaj/arenareset/ui/ConfirmationMenu.java:[5,33] package com.peyaj.arenareset.core does not exist
[ERROR] /C:/Users/princ/Desktop/AreaResetterPro-AreaResetterPro-1.3.4-PAPER/src/main/java/com/peyaj/arenareset/ui/ConfirmationMenu.java:[6,33] package com.peyaj.arenareset.core does not exist
[ERROR] /C:/Users/princ/Desktop/AreaResetterPro-AreaResetterPro-1.3.4-PAPER/src/main/java/com/peyaj/arenareset/ui/ConfirmationMenu.java:[20,39] cannot find symbol
[ERROR]   symbol: class AbstractInventory
[ERROR] /C:/Users/princ/Desktop/AreaResetterPro-AreaResetterPro-1.3.4-PAPER/src/main/java/com/peyaj/arenareset/ui/ConfirmationMenu.java:[22,19] cannot find symbol
[ERROR]   symbol:   class MessageHandler
[ERROR]   location: class com.peyaj.arenareset.ui.ConfirmationMenu
[ERROR] /C:/Users/princ/Desktop/AreaResetterPro-AreaResetterPro-1.3.4-PAPER/src/main/java/com/peyaj/arenareset/ui/SettingsMenu.java:[6,33] package com.peyaj.arenareset.core does not exist
[ERROR] /C:/Users/princ/Desktop/AreaResetterPro-AreaResetterPro-1.3.4-PAPER/src/main/java/com/peyaj/arenareset/ui/SettingsMenu.java:[7,33] package com.peyaj.arenareset.core does not exist
[ERROR] /C:/Users/princ/Desktop/AreaResetterPro-AreaResetterPro-1.3.4-PAPER/src/main/java/com/peyaj/arenareset/ui/SettingsMenu.java:[31,35] cannot find symbol
[ERROR]   symbol: class AbstractInventory
[ERROR] /C:/Users/princ/Desktop/AreaResetterPro-AreaResetterPro-1.3.4-PAPER/src/main/java/com/peyaj/arenareset/ui/SettingsMenu.java:[33,19] cannot find symbol
[ERROR]   symbol:   class MessageHandler
[ERROR]   location: class com.peyaj.arenareset.ui.SettingsMenu
[ERROR] /C:/Users/princ/Desktop/AreaResetterPro-AreaResetterPro-1.3.4-PAPER/src/main/java/com/peyaj/arenareset/ui/TimerMenu.java:[6,33] package com.peyaj.arenareset.core does not exist
[ERROR] /C:/Users/princ/Desktop/AreaResetterPro-AreaResetterPro-1.3.4-PAPER/src/main/java/com/peyaj/arenareset/ui/TimerMenu.java:[7,33] package com.peyaj.arenareset.core does not exist
[ERROR] /C:/Users/princ/Desktop/AreaResetterPro-AreaResetterPro-1.3.4-PAPER/src/main/java/com/peyaj/arenareset/ui/TimerMenu.java:[8,33] package com.peyaj.arenareset.core does not exist
[ERROR] /C:/Users/princ/Desktop/AreaResetterPro-AreaResetterPro-1.3.4-PAPER/src/main/java/com/peyaj/arenareset/ui/TimerMenu.java:[28,32] cannot find symbol
[ERROR]   symbol: class AbstractInventory
[ERROR] /C:/Users/princ/Desktop/AreaResetterPro-AreaResetterPro-1.3.4-PAPER/src/main/java/com/peyaj/arenareset/ui/TimerMenu.java:[30,19] cannot find symbol
[ERROR]   symbol:   class MessageHandler
[ERROR]   location: class com.peyaj.arenareset.ui.TimerMenu
[ERROR] /C:/Users/princ/Desktop/AreaResetterPro-AreaResetterPro-1.3.4-PAPER/src/main/java/com/peyaj/arenareset/ui/TimerMenu.java:[96,23] cannot find symbol
[ERROR]   symbol:   class ConfigHandler
[ERROR]   location: class com.peyaj.arenareset.ui.TimerMenu.TimerMenuListener
[ERROR] -> [Help 1]
[ERROR] 
[ERROR] To see the full stack trace of the errors, re-run Maven with the -e switch.
[ERROR] Re-run Maven using the -X switch to enable full debug logging.
[ERROR] 
[ERROR] For more information about the errors and possible solutions, please read the following articles:
[ERROR] [Help 1] http://cwiki.apache.org/confluence/display/MAVEN/MojoFailureException
